// Jest Snapshot v1, https://goo.gl/fbAQLP

exports[`PokemonPage Component debe de hacer match con el snapshot cuando cargan los pokemons 1`] = `
<div class="bg-dark"></div>
<div class="fondo">
  <div>
    <h1 class="title">¿Quién es este Pokemón?</h1>
    <pokemon-image-stub pokemonid="1" showpokemon="false"></pokemon-image-stub>
    <pokemon-options-stub pokemons="[object Object],[object Object],[object Object],[object Object]"></pokemon-options-stub>
    <!--v-if-->
  </div>
</div>
`;
